(PROGRAM NAME:p_p begin
  (PROC_DECL NAME:a begin in
    (ASSIGN_STMT NAME:x Intliteral:5)
    (ASSIGN_STMT NAME:x (+ (+ Intliteral:6 Intliteral:6) Intliteral:8))
    (ASSIGN_STMT NAME:x (+ Intliteral:6 (* Intliteral:6 Intliteral:8)))
    (ASSIGN_STMT NAME:x
      (not (+ Intliteral:6 (* Intliteral:6 Intliteral:8))))
    (ASSIGN_STMT NAME:x
      (or
        (and NAME:a NAME:b)
        (and (+ (* NAME:c Intliteral:4) (pow Intliteral:2 Intliteral:5))
          (not NAME:x))))
    (ASSIGN_STMT NAME:x
      (or
        (and NAME:a NAME:b)
        (and (+ (< (< NAME:c Intliteral:4) Intliteral:4) (pow Intliteral:2 Intliteral:5))
          (not NAME:x))))
    (ASSIGN_STMT NAME:x (< (< NAME:a (+ NAME:b NAME:x)) NAME:d))
    (ASSIGN_STMT NAME:x
      (NEW NAME:a))
    (ASSIGN_STMT NAME:x Floatliteral:5.500000)
    (ASSIGN_STMT NAME:x
      (REFVAR NAME:x))
    (ASSIGN_STMT NAME:x
      (DEREF_VAR NAME:x))
    (ASSIGN_STMT NAME:x (. NAME:e NAME:x))
    (ASSIGN_STMT NAME:x
      (DEREF_VAR
        (DEREF_VAR (. NAME:e NAME:x))))
    (ASSIGN_STMT NAME:x Stringliteral:"abs")
    (ASSIGN_STMT NAME:x Floatliteral:1.000000)
  end)
end)