(PROGRAM NAME:R begin
  (REC_DECL NAME:abc)
  (REC_DECL NAME:ef
    (PARAMFIELD_DECL NAME:x TYPE:int))
  (REC_DECL NAME:a5
    (PARAMFIELD_DECL NAME:x TYPE:int)
    (PARAMFIELD_DECL NAME:y TYPE:bool))
end)