(PROGRAM NAME:A_A2 begin
  (PROC_DECL NAME:a
  begin
    (VAR_DECL NAME:x TYPE:NAME:x (Intliteral:4))
    (VAR_DECL NAME:x TYPE:NAME:x)
    (VAR_DECL NAME:x (+ Intliteral:4 Intliteral:4))
  in
    (ASSIGN_STMT NAME:x (+ NAME:x Intliteral:1))
  end)
end)